// Jest Snapshot v1, https://goo.gl/fbAQLP

exports[`App matches snapshot 1`] = `
<DocumentFragment>
  <div
    class="App"
  >
    <header>
      <h1>
        figure 0
      </h1>
    </header>
    <main>
      <div
        data-testid="content"
      >
        <p>
          Figure 0 Paragraph 1
        </p>
        <p>
          Figure 0 Paragraph 2
        </p>
        <p>
          Figure 0 Paragraph 3
        </p>
      </div>
      <div
        class="revolver"
        data-testid="revolver"
      >
        <div
          class="disc"
          data-testid="disc"
        >
          Disc
        </div>
        <button
          type="button"
        >
          increment index
        </button>
      </div>
    </main>
  </div>
</DocumentFragment>
`;
