// Jest Snapshot v1, https://goo.gl/fbAQLP

exports[`App matches snapshot 1`] = `
<DocumentFragment>
  <div
    class="App"
  >
    <header>
      <h1>
        title
      </h1>
    </header>
    <main>
      <div
        class="content"
        data-testid="content"
      >
        Content
      </div>
      <div
        class="revolver"
        data-testid="revolver"
      >
        revolver
      </div>
    </main>
  </div>
</DocumentFragment>
`;
