// Jest Snapshot v1, https://goo.gl/fbAQLP

exports[`Revolver matches snapshot 1`] = `
<DocumentFragment>
  <div
    class="revolver"
    data-testid="revolver"
  >
    <div
      class="disc"
      data-testid="disc"
    >
      Disc
    </div>
    <button
      type="button"
    >
      increment index
    </button>
  </div>
</DocumentFragment>
`;
