// Jest Snapshot v1, https://goo.gl/fbAQLP

exports[`App Ap matches snapshot 1`] = `
<DocumentFragment>
  <div
    class="App"
    data-testid="app"
  >
    <h1>
      Counter Revolution
    </h1>
  </div>
</DocumentFragment>
`;

exports[`App App matches snapshot 1`] = `
<DocumentFragment>
  <div
    class="App"
    data-testid="app"
  >
    <h1>
      Counter Revolution
    </h1>
  </div>
</DocumentFragment>
`;

exports[`App matches snapshot 1`] = `
<DocumentFragment>
  <div
    class="App"
    data-testid="app"
  >
    <h1>
      Counter Revolution
    </h1>
  </div>
</DocumentFragment>
`;
